// Jest Snapshot v1, https://goo.gl/fbAQLP

exports[`LandingPage matches the snapshot 1`] = `undefined`;
