// Jest Snapshot v1, https://goo.gl/fbAQLP

exports[`LoginPage matches the snapshot 1`] = `undefined`;
