// Jest Snapshot v1, https://goo.gl/fbAQLP

exports[`PatientsListPage matches the snapshot 1`] = `undefined`;
