// Jest Snapshot v1, https://goo.gl/fbAQLP

exports[`AddPatientPage matches the snapshot 1`] = `undefined`;
